I'm sorry, but errors were detected in your script. Please correct the
errors listed below, and try again.


File "game/script.rpy", line 7: unexpected EOF while parsing
    image mc
           ^

Ren'Py Version: Ren'Py 8.3.4.24120703
Tue Jan  7 09:25:09 2025
